{
  "amps": [
    {
      "model": "05 Tangerine 30 Ch1",
      "brand": "Orange",
      "real_model": "AD30 Twin Channel",
      "channel": "Ch1",
      "wattage": "30W",
      "style": [
        "rock",
        "indie",
        "classic rock"
      ],
      "gain": "edge of breakup",
      "description": "Class A British twin-channel 30W head, channel 1.",
      "modeled_after": "Orange AD30 Twin Channel",
      "confirmed": false
    },
    {
      "model": "05 Tangerine 30 Ch2",
      "brand": "Orange",
      "real_model": "AD30 Twin Channel",
      "channel": "Ch2",
      "wattage": "30W",
      "style": [
        "rock",
        "indie",
        "classic rock"
      ],
      "gain": "edge of breakup",
      "description": "Class A British twin-channel 30W head, channel 2.",
      "modeled_after": "Orange AD30 Twin Channel",
      "confirmed": false
    },
    {
      "model": "11 EPB II Clean",
      "brand": "Engl",
      "real_model": "Powerball II",
      "channel": "Clean",
      "wattage": "100W",
      "style": [
        "metal",
        "high-gain"
      ],
      "gain": "clean",
      "description": "Engl Powerball II clean channel.",
      "modeled_after": "Engl Powerball II",
      "confirmed": false
    },
    {
      "model": "11 EPB II Crunch",
      "brand": "Engl",
      "real_model": "Powerball II",
      "channel": "Crunch",
      "wattage": "100W",
      "style": [
        "metal",
        "high-gain"
      ],
      "gain": "crunch",
      "description": "Engl Powerball II crunch channel.",
      "modeled_after": "Engl Powerball II",
      "confirmed": false
    },
    {
      "model": "11 EPB II Hi-Lead",
      "brand": "Engl",
      "real_model": "Powerball II",
      "channel": "Hi-Lead",
      "wattage": "100W",
      "style": [
        "metal",
        "high-gain"
      ],
      "gain": "high gain",
      "description": "Engl Powerball II high-gain lead channel.",
      "modeled_after": "Engl Powerball II",
      "confirmed": false
    },
    {
      "model": "11 EPB II Lo-Lead",
      "brand": "Engl",
      "real_model": "Powerball II",
      "channel": "Lo-Lead",
      "wattage": "100W",
      "style": [
        "metal",
        "high-gain"
      ],
      "gain": "high gain",
      "description": "Engl Powerball II low-gain lead channel.",
      "modeled_after": "Engl Powerball II",
      "confirmed": false
    },
    {
      "model": "17 Trace Elliot Elf",
      "brand": "Trace Elliot",
      "real_model": "ELF",
      "wattage": "200W",
      "style": [
        "bass"
      ],
      "bass": true,
      "gain": "bass",
      "description": "Trace Elliot ELF micro bass head.",
      "modeled_after": "Trace Elliot ELF",
      "confirmed": false
    },
    {
      "model": "66 Flip Bass",
      "brand": "Ampeg",
      "real_model": "B-15 Portaflex",
      "wattage": "30W",
      "style": [
        "bass"
      ],
      "bass": true,
      "gain": "bass",
      "description": "Flip-top portaflex tube bass amp.",
      "modeled_after": "Ampeg B-15 Portaflex",
      "confirmed": false
    },
    {
      "model": "69 Blue Line Bass",
      "brand": "Ampeg",
      "real_model": "SVT",
      "wattage": "300W",
      "style": [
        "bass",
        "rock"
      ],
      "bass": true,
      "gain": "bass",
      "description": "Ampeg SVT 300W all-tube bass head.",
      "modeled_after": "Ampeg SVT 300W Bass Head",
      "confirmed": false
    },
    {
      "model": "69 Blue Line Scoop",
      "brand": "Ampeg",
      "real_model": "SVT (scooped)",
      "wattage": "300W",
      "style": [
        "bass",
        "rock"
      ],
      "bass": true,
      "gain": "bass",
      "description": "Ampeg SVT voicing with a scooped midrange.",
      "modeled_after": "Ampeg SVT (scooped)",
      "confirmed": false
    },
    {
      "model": "59 Deluxe Gain Mod",
      "brand": "Fender",
      "real_model": "Tweed Deluxe (modded)",
      "wattage": "12W",
      "style": [
        "blues",
        "rock",
        "country"
      ],
      "gain": "edge of breakup",
      "description": "Modded 5E3 Tweed Deluxe with extra gain.",
      "modeled_after": "Fender",
      "confirmed": false
    },
    {
      "model": "59 Tweed Bass",
      "brand": "Fender",
      "real_model": "Tweed Bassman",
      "wattage": "50W",
      "style": [
        "blues",
        "rock",
        "country"
      ],
      "gain": "edge of breakup",
      "description": "Fender 5F6-A Tweed Bassman.",
      "modeled_after": "Fender Bassman",
      "confirmed": true
    },
    {
      "model": "59 Tweed Deluxe",
      "brand": "Fender",
      "real_model": "Tweed Deluxe",
      "wattage": "12W",
      "style": [
        "blues",
        "country"
      ],
      "gain": "edge of breakup",
      "description": "Fender 5E3 Tweed Deluxe combo.",
      "modeled_after": "Fender Tweed Deluxe",
      "confirmed": false
    },
    {
      "model": "59 Tweed Prince",
      "brand": "Fender",
      "real_model": "Tweed Princeton",
      "wattage": "5W",
      "style": [
        "blues",
        "country"
      ],
      "gain": "edge of breakup",
      "description": "Fender 5F2-A Tweed Princeton.",
      "modeled_after": "Fender",
      "confirmed": false
    },
    {
      "model": "64 Black Lux Norm",
      "brand": "Fender",
      "real_model": "Deluxe Reverb",
      "channel": "Normal",
      "wattage": "22W",
      "style": [
        "clean",
        "blues",
        "country"
      ],
      "gain": "clean",
      "description": "Blackface Deluxe Reverb, normal channel.",
      "modeled_after": "Fender Delux Reverb",
      "confirmed": false
    },
    {
      "model": "64 Black Lux Vib",
      "brand": "Fender",
      "real_model": "Deluxe Reverb",
      "channel": "Vibrato",
      "wattage": "22W",
      "style": [
        "clean",
        "blues",
        "country"
      ],
      "gain": "clean",
      "description": "Blackface Deluxe Reverb, vibrato channel.",
      "modeled_after": "Fender Delux Reverb",
      "confirmed": false
    },
    {
      "model": "64 Black Vib",
      "brand": "Fender",
      "real_model": "Vibroverb",
      "wattage": "40W",
      "style": [
        "blues",
        "surf"
      ],
      "gain": "edge of breakup",
      "description": "Blackface Vibroverb combo.",
      "modeled_after": "Fender Vibroverb Combo",
      "confirmed": false
    },
    {
      "model": "65 Black Mini",
      "brand": "Fender",
      "real_model": "Champ",
      "wattage": "6W",
      "style": [
        "blues",
        "classic rock"
      ],
      "gain": "edge of breakup",
      "description": "Blackface Champ practice combo.",
      "modeled_after": "Fender Champ Combo",
      "confirmed": false
    },
    {
      "model": "65 Black Prince",
      "brand": "Fender",
      "real_model": "Princeton",
      "wattage": "12W",
      "style": [
        "clean",
        "country"
      ],
      "gain": "clean",
      "description": "Blackface Princeton combo.",
      "modeled_after": "Fender",
      "confirmed": false
    },
    {
      "model": "65 Black Prince Rev",
      "brand": "Fender",
      "real_model": "Princeton Reverb",
      "wattage": "12W",
      "style": [
        "clean",
        "country",
        "blues"
      ],
      "gain": "clean",
      "description": "Blackface Princeton Reverb combo.",
      "modeled_after": "Fender",
      "confirmed": false
    },
    {
      "model": "65 Black SR",
      "brand": "Fender",
      "real_model": "Super Reverb",
      "wattage": "40W",
      "style": [
        "blues",
        "clean",
        "country"
      ],
      "gain": "clean",
      "description": "Blackface Super Reverb 4x10 combo.",
      "modeled_after": "Fender Super Reverb Blackface Combo",
      "confirmed": false
    },
    {
      "model": "67 Black Duo",
      "brand": "Fender",
      "real_model": "Twin Reverb",
      "wattage": "85W",
      "style": [
        "clean"
      ],
      "gain": "clean",
      "description": "Blackface Twin Reverb combo.",
      "modeled_after": "Fender Twin Reverb Blackface Combo",
      "confirmed": false
    },
    {
      "model": "67 Black Shimmer",
      "brand": "Fender",
      "real_model": "Twin Reverb (shimmer)",
      "wattage": "85W",
      "style": [
        "clean",
        "ambient"
      ],
      "gain": "clean",
      "description": "Blackface Twin Reverb voicing with added shimmer.",
      "modeled_after": "Fender Twin Reverb (shimmer)",
      "confirmed": false
    },
    {
      "model": "65 J45",
      "brand": "Marshall",
      "real_model": "JTM45",
      "wattage": "30W",
      "style": [
        "blues",
        "rock"
      ],
      "gain": "crunch",
      "description": "Marshall JTM45 head.",
      "modeled_after": "Marshall JTM45 Head",
      "confirmed": false
    },
    {
      "model": "67 Plexiglas Vari",
      "brand": "Marshall",
      "real_model": "Super Lead Plexi (Variac)",
      "wattage": "100W",
      "style": [
        "blues",
        "rock"
      ],
      "gain": "crunch",
      "description": "Marshall Super Lead Plexi head, variac mod.",
      "modeled_after": "Marshall Super Lead Plexi Head (Varic mod)",
      "confirmed": false
    },
    {
      "model": "68 Plexi EL84 Mod",
      "brand": "Marshall",
      "real_model": "Super Lead (EL84 mod)",
      "wattage": "50W",
      "style": [
        "rock",
        "crunch"
      ],
      "gain": "crunch",
      "description": "Marshall Plexi voiced for EL84 power tubes.",
      "modeled_after": "Marshall Super Lead (EL84 mod)",
      "confirmed": false
    },
    {
      "model": "68 Plexiglas 50W",
      "brand": "Marshall",
      "real_model": "Super Lead 1987",
      "wattage": "50W",
      "style": [
        "crunch",
        "rock",
        "blues"
      ],
      "gain": "crunch",
      "description": "Marshall 1987 50W Super Lead Plexi head.",
      "modeled_after": "Marshall Super Lead Head",
      "confirmed": false
    },
    {
      "model": "69 Plexiglas 100W",
      "brand": "Marshall",
      "real_model": "Super Lead 1959",
      "wattage": "100W",
      "style": [
        "rock",
        "blues"
      ],
      "gain": "crunch",
      "description": "Marshall 1959 100W Super Lead Plexi head.",
      "modeled_after": "Marshall Super Lead",
      "confirmed": false
    },
    {
      "model": "82 Lead 800 50W",
      "brand": "Marshall",
      "real_model": "JCM800 2204",
      "wattage": "50W",
      "style": [
        "rock",
        "hard rock"
      ],
      "gain": "high gain",
      "description": "Marshall JCM800 2204 50W head.",
      "modeled_after": "Marshall JCM800 2204",
      "confirmed": false
    },
    {
      "model": "82 Lead 800 100W",
      "brand": "Marshall",
      "real_model": "JCM800 2203",
      "wattage": "100W",
      "style": [
        "rock",
        "hard rock"
      ],
      "gain": "high gain",
      "description": "Marshall JCM800 2203 100W head.",
      "modeled_after": "Marshall JCM800 2203 Head",
      "confirmed": false
    },
    {
      "model": "82 Lead 800 Bright",
      "brand": "Marshall",
      "real_model": "JCM800 (bright)",
      "wattage": "100W",
      "style": [
        "rock",
        "hard rock"
      ],
      "gain": "high gain",
      "description": "Marshall JCM800 voicing with a brighter top end.",
      "modeled_after": "Marshall JCM800 (bright)",
      "confirmed": false
    },
    {
      "model": "82 Lead 800 Bass Mod",
      "brand": "Marshall",
      "real_model": "JCM800 (bass mod)",
      "wattage": "100W",
      "style": [
        "rock"
      ],
      "gain": "high gain",
      "description": "Marshall JCM800 voicing with extended low end.",
      "modeled_after": "Marshall JCM800 (bass mod)",
      "confirmed": false
    },
    {
      "model": "82 Lead 800 TS Mod",
      "brand": "Marshall",
      "real_model": "JCM800 (TS mod)",
      "wattage": "100W",
      "style": [
        "rock",
        "metal"
      ],
      "gain": "high gain",
      "description": "Marshall JCM800 voicing with a tube-screamer style mid boost.",
      "modeled_after": "Marshall JCM800 (TS mod)",
      "confirmed": false
    },
    {
      "model": "85 M-2 Lead",
      "brand": "Mesa Boogie",
      "real_model": "Mark IIC+",
      "channel": "Lead",
      "wattage": "75W",
      "style": [
        "rock",
        "metal"
      ],
      "gain": "high gain",
      "description": "Mesa Boogie Mark IIC+ drive channel.",
      "modeled_after": "Mesa Boogie Mark IIc+ Drive Channel",
      "confirmed": false
    },
    {
      "model": "85 M-2 Lead Cap Mod",
      "brand": "Mesa Boogie",
      "real_model": "Mark IIC+ (cap mod)",
      "channel": "Lead",
      "wattage": "75W",
      "style": [
        "rock",
        "metal"
      ],
      "gain": "high gain",
      "description": "Mesa Boogie Mark IIC+ with the capacitor mod.",
      "modeled_after": "Mesa Boogie Mark IIc+ Cap Mod",
      "confirmed": false
    },
    {
      "model": "92 Treadplate Modern",
      "brand": "Mesa Boogie",
      "real_model": "Dual Rectifier",
      "channel": "Red (Modern)",
      "wattage": "100W",
      "style": [
        "metal",
        "hard rock"
      ],
      "gain": "high gain",
      "description": "Mesa Boogie Dual Rectifier, red/modern channel.",
      "modeled_after": "Mesa Boogie Dual Rectifier (Red Channel)",
      "confirmed": false
    },
    {
      "model": "92 Treadplate Raw",
      "brand": "Mesa Boogie",
      "real_model": "Dual Rectifier",
      "channel": "Raw",
      "wattage": "100W",
      "style": [
        "metal",
        "hard rock"
      ],
      "gain": "crunch",
      "description": "Mesa Boogie Dual Rectifier, raw voicing.",
      "modeled_after": "Mesa Boogie",
      "confirmed": false
    },
    {
      "model": "92 Treadplate Vintage",
      "brand": "Mesa Boogie",
      "real_model": "Dual Rectifier",
      "channel": "Orange (Vintage)",
      "wattage": "100W",
      "style": [
        "metal",
        "hard rock"
      ],
      "gain": "crunch",
      "description": "Mesa Boogie Dual Rectifier, orange/vintage channel.",
      "modeled_after": "Mesa Boogie Dual Rectifier (Orange Channel)",
      "confirmed": false
    },
    {
      "model": "89 SL-100 Clean",
      "brand": "Soldano",
      "real_model": "SLO-100",
      "channel": "Clean",
      "wattage": "100W",
      "style": [
        "rock",
        "hard rock"
      ],
      "gain": "clean",
      "description": "Soldano SLO-100 clean channel.",
      "modeled_after": "Soldano SLO-100",
      "confirmed": false
    },
    {
      "model": "89 SL-100 Crunch",
      "brand": "Soldano",
      "real_model": "SLO-100",
      "channel": "Crunch",
      "wattage": "100W",
      "style": [
        "rock",
        "hard rock"
      ],
      "gain": "crunch",
      "description": "Soldano SLO-100 crunch channel.",
      "modeled_after": "Soldano SLO-100",
      "confirmed": false
    },
    {
      "model": "89 SL-100 Drive",
      "brand": "Soldano",
      "real_model": "SLO-100",
      "channel": "Overdrive",
      "wattage": "100W",
      "style": [
        "rock",
        "hard rock",
        "metal"
      ],
      "gain": "high gain",
      "description": "Soldano SLO-100 super lead overdrive channel.",
      "modeled_after": "Soldano SLO-100 Super Lead Overdrive",
      "confirmed": false
    },
    {
      "model": "89 SL-100 Ext Range",
      "brand": "Soldano",
      "real_model": "SLO-100",
      "channel": "Extended range",
      "wattage": "100W",
      "style": [
        "rock",
        "metal"
      ],
      "gain": "high gain",
      "description": "Soldano SLO-100 with extended frequency range.",
      "modeled_after": "Soldano",
      "confirmed": false
    },
    {
      "model": "93 MS30",
      "brand": "Matchless",
      "real_model": "DC30",
      "wattage": "30W",
      "style": [
        "clean",
        "country",
        "rock"
      ],
      "gain": "clean",
      "description": "Class A boutique 30W combo voiced after the Matchless DC30.",
      "modeled_after": "Matchless DC30",
      "confirmed": false
    },
    {
      "model": "97 RB-01b Blue",
      "brand": "Bogner",
      "real_model": "Ecstasy 101B",
      "channel": "Blue",
      "wattage": "100W",
      "style": [
        "rock",
        "blues"
      ],
      "gain": "crunch",
      "description": "Bogner Ecstasy 101B blue channel.",
      "modeled_after": "Bogner Exstasy 101B Head (Blue Channel)",
      "confirmed": false
    },
    {
      "model": "97 RB-01b Green",
      "brand": "Bogner",
      "real_model": "Ecstasy 101B",
      "channel": "Green",
      "wattage": "100W",
      "style": [
        "rock",
        "hard rock"
      ],
      "gain": "crunch",
      "description": "Bogner Ecstasy 101B green channel.",
      "modeled_after": "Bogner Ecstasy 101B Head (Green Channel)",
      "confirmed": false
    },
    {
      "model": "97 RB-01b Red",
      "brand": "Bogner",
      "real_model": "Ecstasy 101B",
      "channel": "Red",
      "wattage": "100W",
      "style": [
        "rock",
        "hard rock",
        "metal"
      ],
      "gain": "high gain",
      "description": "Bogner Ecstasy 101B red channel.",
      "modeled_after": "Bogner Ecstasy 101B Head (Red Channel)",
      "confirmed": false
    },
    {
      "model": "99 PV51 II Clean",
      "brand": "Peavey",
      "real_model": "5150 II",
      "channel": "Clean",
      "wattage": "120W",
      "style": [
        "metal",
        "hard rock"
      ],
      "gain": "clean",
      "description": "Peavey 5150 II clean channel.",
      "modeled_after": "Peavey 5150 II",
      "confirmed": false
    },
    {
      "model": "99 PV51 II Crunch",
      "brand": "Peavey",
      "real_model": "5150 II",
      "channel": "Crunch",
      "wattage": "120W",
      "style": [
        "metal",
        "hard rock"
      ],
      "gain": "crunch",
      "description": "Peavey 5150 II crunch channel.",
      "modeled_after": "Peavey 5150 II",
      "confirmed": false
    },
    {
      "model": "99 PV51 II Lead",
      "brand": "Peavey",
      "real_model": "5150 II",
      "channel": "Lead",
      "wattage": "120W",
      "style": [
        "metal",
        "hard rock"
      ],
      "gain": "high gain",
      "description": "Peavey 5150 II lead channel.",
      "modeled_after": "Peavey 5150 II",
      "confirmed": false
    },
    {
      "model": "83 400R",
      "real_model": "400R",
      "style": [
        "rock"
      ],
      "gain": "high gain",
      "description": "High-gain British-style head.",
      "modeled_after": "400R",
      "confirmed": false
    },
    {
      "model": "84 J-120H",
      "real_model": "J-120H",
      "style": [
        "rock"
      ],
      "gain": "edge of breakup",
      "description": "120W British-style head.",
      "modeled_after": "J-120H",
      "confirmed": false
    }
  ],
  "cabs": [
    {
      "model": "1x8 Custom",
      "speakers": "1x8",
      "speakers_ref": "custom 8\"",
      "description": "Compact 1x8 cabinet, Champ style.",
      "modeled_after": "Fender Champ Combo Speaker",
      "confirmed": false
    },
    {
      "model": "1x12 Black Panel Lux",
      "speakers": "1x12",
      "speakers_ref": "blackface 1x12",
      "description": "1x12 open-back cabinet, Deluxe Reverb style.",
      "modeled_after": "Fender 64 Blackface Delux Reverb",
      "confirmed": true
    },
    {
      "model": "1x12 Tweed Lux",
      "speakers": "1x12",
      "speakers_ref": "tweed 1x12",
      "description": "1x12 open-back cabinet, Tweed Deluxe style.",
      "modeled_after": "Fender 59 Tweed Deluxe",
      "confirmed": false
    },
    {
      "model": "1x15 Open Back",
      "speakers": "1x15",
      "speakers_ref": "15\" open back",
      "description": "1x15 open-back cabinet for round, full cleans.",
      "modeled_after": "Ampeg Reverberocket",
      "confirmed": false
    },
    {
      "model": "2x12 AC Blue",
      "speakers": "2x12",
      "speakers_ref": "Celestion Alnico Blue",
      "description": "Vox AC30 style 2x12 loaded with Alnico Blue speakers.",
      "modeled_after": "Vox 66 AC30",
      "confirmed": false
    },
    {
      "model": "2x12 B30",
      "speakers": "2x12",
      "speakers_ref": "British 30W",
      "description": "British-voiced 2x12 with 30W speakers.",
      "modeled_after": "Bogner",
      "confirmed": false
    },
    {
      "model": "2x12 Black Panel Duo",
      "speakers": "2x12",
      "speakers_ref": "blackface 2x12",
      "description": "Fender Twin style 2x12 cabinet.",
      "modeled_after": "Fender 67 Blackface Twin Reverb",
      "confirmed": false
    },
    {
      "model": "2x12 Silver Cone",
      "speakers": "2x12",
      "speakers_ref": "silver cone",
      "description": "2x12 cabinet with bright silver-cone speakers.",
      "modeled_after": "Roland JC-120",
      "confirmed": false
    },
    {
      "model": "4x10 Black SR",
      "speakers": "4x10",
      "speakers_ref": "blackface 4x10",
      "description": "Fender Super Reverb style 4x10 cabinet.",
      "modeled_after": "Fender Super Rverb",
      "confirmed": false
    },
    {
      "model": "4x10 Tweed Bass",
      "speakers": "4x10",
      "speakers_ref": "tweed 4x10",
      "description": "Fender Bassman style 4x10 cabinet.",
      "modeled_after": "Fender 59 Bassman",
      "confirmed": false
    },
    {
      "model": "4x12 65W",
      "speakers": "4x12",
      "speakers_ref": "Celestion 65W",
      "description": "Marshall style 4x12 with 65W speakers.",
      "modeled_after": "Marshall",
      "confirmed": false
    },
    {
      "model": "4x12 Classic 30W",
      "speakers": "4x12",
      "speakers_ref": "Celestion G12H30",
      "description": "4x12 cabinet with classic 30W speakers.",
      "modeled_after": "Marshall 1960AV",
      "confirmed": false
    },
    {
      "model": "4x12 Green 20W",
      "speakers": "4x12",
      "speakers_ref": "Celestion Greenback 20W",
      "description": "4x12 cabinet with 20W Greenback speakers.",
      "modeled_after": "Marshall",
      "confirmed": false
    },
    {
      "model": "4x12 Green 25W",
      "speakers": "4x12",
      "speakers_ref": "Celestion Greenback 25W",
      "description": "4x12 cabinet with 25W Greenback speakers.",
      "modeled_after": "Marshall 1968 1960A",
      "confirmed": false
    },
    {
      "model": "8x10 Blue Line",
      "speakers": "8x10",
      "speakers_ref": "Ampeg 8x10",
      "description": "Ampeg SVT style 8x10 bass cabinet.",
      "modeled_after": "Ampeg SVT",
      "confirmed": false
    }
  ],
  "mics": [
    {
      "model": "Dyn 57",
      "kind": "dynamic",
      "real_model": "Shure SM57",
      "description": "The classic close-mic dynamic workhorse.",
      "modeled_after": "Shure SM57 Unidyne II",
      "confirmed": true
    },
    {
      "model": "Dyn 7",
      "kind": "dynamic",
      "real_model": "Shure SM7B",
      "description": "Smooth, fat dynamic broadcast microphone.",
      "modeled_after": "Shure SM7",
      "confirmed": true
    },
    {
      "model": "Dyn 409",
      "kind": "dynamic",
      "real_model": "Sennheiser MD409",
      "description": "Bright, tight dynamic with a fast transient.",
      "modeled_after": "Sennheiser MD 409",
      "confirmed": false
    },
    {
      "model": "Dyn 421",
      "kind": "dynamic",
      "real_model": "Sennheiser MD421",
      "description": "Full-bodied dynamic with strong low end.",
      "modeled_after": "Sennheiser MD 421",
      "confirmed": false
    },
    {
      "model": "Dyn 20",
      "kind": "dynamic",
      "real_model": "Electro-Voice RE20",
      "description": "Large-diaphragm dynamic with a neutral, even response.",
      "modeled_after": "Electro-Voice RE20",
      "confirmed": false
    },
    {
      "model": "Cond 414",
      "kind": "condenser",
      "real_model": "AKG C414",
      "description": "Detailed large-diaphragm condenser.",
      "modeled_after": "AKG C414",
      "confirmed": false
    },
    {
      "model": "Cond 67",
      "kind": "condenser",
      "real_model": "Neumann U67",
      "description": "Vintage tube condenser with a warm top end.",
      "modeled_after": "Neumann U67",
      "confirmed": true
    },
    {
      "model": "Cond 87",
      "kind": "condenser",
      "real_model": "Neumann U87",
      "description": "Studio-standard large-diaphragm condenser.",
      "modeled_after": "Neumann U87",
      "confirmed": true
    },
    {
      "model": "Ribbon 121",
      "kind": "ribbon",
      "real_model": "Royer R-121",
      "description": "Smooth ribbon microphone, dark and natural.",
      "modeled_after": "Royer 121",
      "confirmed": true
    }
  ],
  "fx": [
    {
      "name": "White Boost",
      "category": "distortion",
      "description": "Clean, transparent boost (Xotic RC Booster style).",
      "modeled_after": "Xotic RC Booster",
      "confirmed": false,
      "gain": "boost"
    },
    {
      "name": "Green JRC-OD",
      "category": "distortion",
      "description": "Green overdrive (Ibanez TS808 Tube Screamer style).",
      "modeled_after": "Ibanez TS-808 Tube Screamer",
      "confirmed": true,
      "gain": "overdrive"
    },
    {
      "name": "D250 Drive",
      "category": "distortion",
      "description": "Amp-in-a-box drive (DOD 250 style).",
      "confirmed": false,
      "gain": "overdrive"
    },
    {
      "name": "Glorious Drive",
      "category": "distortion",
      "description": "Transparent low-to-medium gain drive.",
      "confirmed": false,
      "gain": "overdrive"
    },
    {
      "name": "S1 Drive",
      "category": "distortion",
      "description": "Medium gain, amp-like overdrive.",
      "confirmed": false,
      "gain": "overdrive"
    },
    {
      "name": "B2 Drive",
      "category": "distortion",
      "description": "Bright, cutting overdrive.",
      "confirmed": false,
      "gain": "overdrive"
    },
    {
      "name": "K Drive",
      "category": "distortion",
      "description": "High gain distortion with a tight low end.",
      "confirmed": false,
      "gain": "distortion"
    },
    {
      "name": "DC Distort",
      "category": "distortion",
      "description": "Classic distortion (BOSS DS-1 style).",
      "modeled_after": "Avid custom",
      "confirmed": false,
      "gain": "distortion"
    },
    {
      "name": "D1 Dist",
      "category": "distortion",
      "description": "Hard-clipping distortion.",
      "confirmed": false,
      "gain": "distortion"
    },
    {
      "name": "MX Dist",
      "category": "distortion",
      "description": "Aggressive modern distortion.",
      "confirmed": false,
      "gain": "distortion"
    },
    {
      "name": "Anxiety OD",
      "category": "distortion",
      "description": "Overdrive voiced for modern metal rhythm.",
      "confirmed": false,
      "gain": "distortion"
    },
    {
      "name": "Anxiety OD V2",
      "category": "distortion",
      "description": "Refined version of Anxiety OD.",
      "confirmed": false,
      "gain": "distortion"
    },
    {
      "name": "B Dist 7000",
      "category": "distortion",
      "description": "Bass distortion.",
      "confirmed": false,
      "gain": "bass"
    },
    {
      "name": "Black OP",
      "category": "distortion",
      "description": "Dark, gated fuzz-style distortion.",
      "modeled_after": "Pro Co. Rat",
      "confirmed": false,
      "gain": "distortion"
    },
    {
      "name": "Tri Fuzz",
      "category": "distortion",
      "description": "Three-transistor fuzz.",
      "modeled_after": "Electro-Harmonix Big Muff Pi",
      "confirmed": false,
      "gain": "fuzz"
    },
    {
      "name": "Round Fuzz",
      "category": "distortion",
      "description": "Smooth, round fuzz (EHX Big Muff style).",
      "confirmed": false,
      "gain": "fuzz"
    },
    {
      "name": "Oct Fuzz",
      "category": "distortion",
      "description": "Octave-up fuzz.",
      "confirmed": false,
      "gain": "fuzz"
    },
    {
      "name": "8-Bit Crush",
      "category": "distortion",
      "description": "Lo-fi bitcrusher with drive.",
      "modeled_after": "Headrush custom",
      "confirmed": false,
      "gain": "bitcrusher"
    },
    {
      "name": "DynIII Comp",
      "category": "dynamics",
      "description": "Studio-style compressor.",
      "confirmed": false
    },
    {
      "name": "Gray Comp",
      "category": "dynamics",
      "description": "Ross-style optical compressor.",
      "modeled_after": "Ross Compressor",
      "confirmed": false
    },
    {
      "name": "Side Comp",
      "category": "dynamics",
      "description": "Compressor with sidechain options.",
      "confirmed": false
    },
    {
      "name": "Gate",
      "category": "dynamics",
      "description": "Noise gate.",
      "confirmed": false
    },
    {
      "name": "Noise Filter",
      "category": "dynamics",
      "description": "Adaptive noise reduction.",
      "confirmed": false
    },
    {
      "name": "Hold",
      "category": "dynamics",
      "description": "Freeze/hold effect.",
      "confirmed": false
    },
    {
      "name": "Auto Swell",
      "category": "dynamics",
      "description": "Volume swell triggered by picking.",
      "confirmed": false
    },
    {
      "name": "Acoustic Pre",
      "category": "dynamics",
      "description": "Acoustic guitar preamp/EQ.",
      "confirmed": false
    },
    {
      "name": "Graphic EQ",
      "category": "dynamics",
      "description": "Graphic equalizer.",
      "confirmed": false
    },
    {
      "name": "Para EQ",
      "category": "dynamics",
      "description": "Parametric equalizer.",
      "confirmed": false
    },
    {
      "name": "Ten Freq EQ",
      "category": "dynamics",
      "description": "Ten-band graphic equalizer.",
      "confirmed": false
    },
    {
      "name": "Bass EQ",
      "category": "eq",
      "description": "Bass-specific equalizer.",
      "confirmed": false
    },
    {
      "name": "Black Wah",
      "category": "expression",
      "description": "Classic wah.",
      "modeled_after": "Thomas Organ CB-95 Cry Baby",
      "confirmed": false
    },
    {
      "name": "More Wah",
      "category": "expression",
      "description": "Wah with extended sweep.",
      "confirmed": false
    },
    {
      "name": "Shine Wah",
      "category": "expression",
      "description": "Bright, vocal wah.",
      "modeled_after": "Vox V846 Wah",
      "confirmed": false
    },
    {
      "name": "White Bass Wah",
      "category": "expression",
      "description": "Bass-voiced wah.",
      "confirmed": false
    },
    {
      "name": "Env Filter",
      "category": "modulation",
      "description": "Envelope follower auto-wah.",
      "confirmed": false
    },
    {
      "name": "Tron Filter",
      "category": "modulation",
      "description": "Mu-tron style envelope filter.",
      "confirmed": false
    },
    {
      "name": "AIR Filter",
      "category": "modulation",
      "description": "Sweeping filter with movement.",
      "confirmed": false
    },
    {
      "name": "Volume",
      "category": "expression",
      "description": "Volume pedal module.",
      "confirmed": false
    },
    {
      "name": "Panner",
      "category": "expression",
      "description": "Stereo auto-panner.",
      "confirmed": false
    },
    {
      "name": "Feedback",
      "category": "expression",
      "description": "Controlled feedback generator.",
      "confirmed": false
    },
    {
      "name": "Time Warp",
      "category": "expression",
      "description": "Expression-controlled time modulation.",
      "confirmed": false
    },
    {
      "name": "Wham",
      "category": "expression",
      "description": "Expression-controlled pitch (DigiTech Whammy style).",
      "confirmed": false
    },
    {
      "name": "Chord Wham",
      "category": "expression",
      "description": "Expression-controlled chord pitch shifting.",
      "confirmed": false
    },
    {
      "name": "Chorus",
      "category": "modulation",
      "description": "Classic analog chorus.",
      "confirmed": false
    },
    {
      "name": "Multi Chorus",
      "category": "modulation",
      "description": "Rich multi-voice chorus.",
      "confirmed": false
    },
    {
      "name": "Dim Chorus",
      "category": "modulation",
      "description": "Subtle, dimension-style chorus.",
      "confirmed": false
    },
    {
      "name": "Flanger",
      "category": "modulation",
      "description": "Classic flanger.",
      "confirmed": false
    },
    {
      "name": "AIR Flanger",
      "category": "modulation",
      "description": "Wide, airy flanger.",
      "confirmed": false
    },
    {
      "name": "Vibrato",
      "category": "modulation",
      "description": "Pitch vibrato.",
      "confirmed": false
    },
    {
      "name": "AIR Vibrato",
      "category": "modulation",
      "description": "Airy, soft vibrato.",
      "confirmed": false
    },
    {
      "name": "Tremolo",
      "category": "modulation",
      "description": "Amplitude tremolo.",
      "confirmed": false
    },
    {
      "name": "Rotary",
      "category": "modulation",
      "description": "Rotary speaker simulation.",
      "confirmed": false
    },
    {
      "name": "Stone Phaser",
      "category": "modulation",
      "description": "Phase shifter (EHX Small Stone style).",
      "confirmed": false
    },
    {
      "name": "Orange Phaser",
      "category": "modulation",
      "description": "Warm phase shifter (MXR Phase 90 style).",
      "modeled_after": "MXR Phase 90",
      "confirmed": false
    },
    {
      "name": "Vibe Phaser",
      "category": "modulation",
      "description": "Uni-vibe style phaser.",
      "modeled_after": "Univox Uni-Vibe",
      "confirmed": false
    },
    {
      "name": "Tron Phaser",
      "category": "modulation",
      "description": "Envelope-triggered phaser.",
      "confirmed": false
    },
    {
      "name": "Ring Mod",
      "category": "modulation",
      "description": "Ring modulator.",
      "confirmed": false
    },
    {
      "name": "Stereo Doubler",
      "category": "modulation",
      "description": "Stereo width doubler.",
      "confirmed": false
    },
    {
      "name": "Detune",
      "category": "modulation",
      "description": "Subtle detune chorus for width.",
      "confirmed": false
    },
    {
      "name": "Smart Harm",
      "category": "modulation",
      "description": "Intelligent harmonizer.",
      "confirmed": false
    },
    {
      "name": "Harm",
      "category": "expression",
      "description": "Diatonic harmonizer.",
      "confirmed": false
    },
    {
      "name": "Octaves",
      "category": "modulation",
      "description": "Octave up/down pitch shifter.",
      "confirmed": false
    },
    {
      "name": "Octaves Up",
      "category": "modulation",
      "description": "Octave-up pitch shifter.",
      "confirmed": false
    },
    {
      "name": "Drop Tune",
      "category": "modulation",
      "description": "Drop-tuning pitch shifter.",
      "confirmed": false
    },
    {
      "name": "AIR Delay",
      "category": "delay",
      "description": "Wide, atmospheric digital delay.",
      "confirmed": false
    },
    {
      "name": "Dyn Delay",
      "category": "delay",
      "description": "Dynamic ducking delay.",
      "confirmed": false
    },
    {
      "name": "BBD Delay",
      "category": "delay",
      "description": "Analog bucket-brigade delay.",
      "modeled_after": "Elektro Harmonix Deluxe Memory Man",
      "confirmed": false
    },
    {
      "name": "Tape Echo",
      "category": "delay",
      "description": "Tape echo with wow, flutter and hiss.",
      "confirmed": false
    },
    {
      "name": "Pitch Delay",
      "category": "delay",
      "description": "Delay with pitch-shifted repeats.",
      "confirmed": false
    },
    {
      "name": "Reso Delay",
      "category": "delay",
      "description": "Resonant filtered delay.",
      "confirmed": false
    },
    {
      "name": "Reverse Delay",
      "category": "delay",
      "description": "Backwards delay.",
      "confirmed": false
    },
    {
      "name": "AIR Reverb",
      "category": "reverb",
      "description": "Expansive hall-style reverb.",
      "confirmed": false
    },
    {
      "name": "Ambi Verb",
      "category": "reverb",
      "description": "Ambient reverb with long tails.",
      "confirmed": false
    },
    {
      "name": "Eleven Reverb",
      "category": "reverb",
      "description": "Natural room and hall reverb.",
      "confirmed": false
    },
    {
      "name": "Party Verb",
      "category": "reverb",
      "description": "Lush, modulated reverb.",
      "confirmed": false
    },
    {
      "name": "Spring Reverb",
      "category": "reverb",
      "description": "Spring tank reverb.",
      "modeled_after": "Fender Blackface Amp Reverb",
      "confirmed": false
    },
    {
      "name": "Shimmer",
      "category": "reverb",
      "description": "Pitch-shifted shimmer reverb.",
      "confirmed": false
    },
    {
      "name": "Acoust Sim",
      "category": "utility",
      "description": "Electric-to-acoustic simulator.",
      "confirmed": false
    },
    {
      "name": "FX-Loop",
      "category": "utility",
      "description": "Insert point for external pedals.",
      "confirmed": false
    },
    {
      "name": "IR",
      "category": "utility",
      "description": "Impulse response loader.",
      "confirmed": false
    },
    {
      "name": "IR (1024)",
      "category": "utility",
      "description": "High-resolution impulse response loader.",
      "confirmed": false
    }
  ]
}
